go: downloading go1.25.0 (linux/amd64)
go: downloading github.com/opd-ai/go-tor v0.0.0-20260524064806-f73c7e3be679
go: downloading github.com/opd-ai/toxcore v1.4.0-qtox-preview.0.20260604154825-db09405a48ba
go: downloading go.opentelemetry.io/otel v1.44.0
go: downloading go.opentelemetry.io/otel/metric v1.44.0
go: downloading go.opentelemetry.io/otel/trace v1.44.0
go: downloading github.com/sirupsen/logrus v1.9.4
go: downloading github.com/klauspost/reedsolomon v1.14.0
go: downloading golang.org/x/crypto v0.52.0
go: downloading golang.org/x/sys v0.45.0
go: downloading github.com/cloudflare/circl v1.6.3
go: downloading golang.org/x/net v0.55.0
go: downloading github.com/flynn/noise v1.1.0
go: downloading github.com/go-i2p/onramp v0.33.92
go: downloading golang.org/x/sync v0.20.0
go: downloading github.com/klauspost/cpuid/v2 v2.3.0
go: downloading github.com/go-logr/logr v1.4.3
go: downloading github.com/opd-ai/magnum v0.0.0-20260604154758-b2ff5a962075
go: downloading github.com/pion/rtp v1.10.2
go: downloading github.com/opd-ai/vp8 v0.0.0-20260604163930-9b4221abf050
go: downloading golang.org/x/image v0.41.0
go: downloading github.com/cretz/bine v0.2.0
go: downloading github.com/go-i2p/i2pkeys v0.33.92
go: downloading github.com/go-i2p/sam3 v0.33.92
go: downloading github.com/gofrs/flock v0.13.0
go: downloading github.com/go-logr/stdr v1.2.2
go: downloading go.opentelemetry.io/auto/sdk v1.2.1
go: downloading github.com/pion/randutil v0.1.0
go: downloading github.com/cespare/xxhash/v2 v2.3.0
ok  	github.com/opd-ai/toxpt	1.059s
